###############################################################################
#
# IAR ELF Linker V9.10.2.313/W64 for ARM                  16/Mar/2022  17:21:34
# Copyright 2007-2021 IAR Systems AB.
#
#    Output file  =
#        C:\Users\nokia\Documents\Università\A.A. 2021-2022\Primo
#        Semestre\Laboratorio di Misure\Prove d'Esame Svolte da
#        Me\Prova_13_01_22_LED_LAMPEGGIANTI\Debug\Exe\prova_13_01_22.out
#    Map file     =
#        C:\Users\nokia\Documents\Università\A.A. 2021-2022\Primo
#        Semestre\Laboratorio di Misure\Prove d'Esame Svolte da
#        Me\Prova_13_01_22_LED_LAMPEGGIANTI\Debug\List\prova_13_01_22.map
#    Command line =
#        -f "C:\Users\nokia\Documents\Università\A.A. 2021-2022\Primo
#        Semestre\Laboratorio di Misure\Prove d'Esame Svolte da
#        Me\Prova_13_01_22_LED_LAMPEGGIANTI\Debug\Exe\prova_13_01_22.out.rsp"
#        ("C:\Users\nokia\Documents\Università\A.A. 2021-2022\Primo
#        Semestre\Laboratorio di Misure\Prove d'Esame Svolte da
#        Me\Prova_13_01_22_LED_LAMPEGGIANTI\Debug\Obj\main.o"
#        --no_out_extension -o "C:\Users\nokia\Documents\Università\A.A.
#        2021-2022\Primo Semestre\Laboratorio di Misure\Prove d'Esame Svolte da
#        Me\Prova_13_01_22_LED_LAMPEGGIANTI\Debug\Exe\prova_13_01_22.out" --map
#        "C:\Users\nokia\Documents\Università\A.A. 2021-2022\Primo
#        Semestre\Laboratorio di Misure\Prove d'Esame Svolte da
#        Me\Prova_13_01_22_LED_LAMPEGGIANTI\Debug\List\prova_13_01_22.map"
#        --config "C:\Program Files\IAR Systems\Embedded Workbench
#        9.0\arm\config\linker\ST\stm32f303xC.icf" --semihosting --entry
#        __iar_program_start --vfe --text_out locale)
#
###############################################################################

*******************************************************************************
*** RUNTIME MODEL ATTRIBUTES
***

CppFlavor       = *
__SystemLibrary = DLib
__dlib_version  = 6


*******************************************************************************
*** HEAP SELECTION
***

The basic heap was selected because some modules are built with
size limitations (and not runtime checking), and --advanced_heap
was not specified.


*******************************************************************************
*** PLACEMENT SUMMARY
***

"A0":  place at address 0x800'0000 { ro section .intvec };
"P1":  place in [from 0x800'0000 to 0x803'ffff] { ro };
define block CSTACK with size = 8K, alignment = 8 { };
define block HEAP with size = 8K, alignment = 8 { };
"P2":  place in [from 0x2000'0000 to 0x2000'9fff] {
          rw, block CSTACK, block HEAP };
initialize by copy { rw };

No sections matched the following patterns:

  section .ccmram  in "P3"


  Section            Kind         Address    Size  Object
  -------            ----         -------    ----  ------
"A0":                                        0x40
  .intvec            ro code   0x800'0000    0x40  vector_table_M.o [4]
                             - 0x800'0040    0x40

"P1":                                       0x1d8
  .text              ro code   0x800'0040    0xdc  main.o [1]
  .text              ro code   0x800'011c    0x2a  copy_init3.o [4]
  .text              ro code   0x800'0146     0x2  vectortrap_M.o [4]
  .text              ro code   0x800'0148    0x28  data_init.o [4]
  .text              ro code   0x800'0170    0x22  fpinit_M.o [3]
  .iar.init_table    const     0x800'0194    0x14  - Linker created -
  .text              ro code   0x800'01a8    0x1e  cmain.o [4]
  .text              ro code   0x800'01c6     0x4  low_level_init.o [2]
  .text              ro code   0x800'01ca     0x4  exit.o [2]
  .text              ro code   0x800'01d0     0xa  cexit.o [4]
  .text              ro code   0x800'01dc    0x14  exit.o [5]
  .text              ro code   0x800'01f0    0x1c  cstartup_M.o [4]
  Initializer bytes  const     0x800'020c     0xc  <for P2-1>
  .rodata            const     0x800'0218     0x0  copy_init3.o [4]
                             - 0x800'0218   0x1d8

"P2", part 1 of 2:                            0xc
  P2-1                        0x2000'0000     0xa  <Init block>
    .data            inited   0x2000'0000     0x4  main.o [1]
    .bss             inited   0x2000'0004     0x4  main.o [1]
    .bss             inited   0x2000'0008     0x2  main.o [1]
                            - 0x2000'000a     0xa

"P2", part 2 of 2:                         0x2000
  CSTACK                      0x2000'0010  0x2000  <Block>
    CSTACK           uninit   0x2000'0010  0x2000  <Block tail>
                            - 0x2000'2010  0x2000

Unused ranges:

         From           To      Size
         ----           --      ----
   0x800'0218   0x803'ffff  0x3'fde8
  0x2000'000c  0x2000'000f       0x4
  0x2000'2010  0x2000'9fff    0x7ff0


*******************************************************************************
*** INIT TABLE
***

          Address      Size
          -------      ----
Copy (__iar_copy_init3)
    1 source range, total size 0xc (120% of destination):
           0x800'020c   0xc
    1 destination range, total size 0xa:
          0x2000'0000   0xa



*******************************************************************************
*** MODULE SUMMARY
***

    Module            ro code  ro data  rw data
    ------            -------  -------  -------
command line/config:
    -------------------------------------------
    Total:

C:\Users\nokia\Documents\Università\A.A. 2021-2022\Primo Semestre\Laboratorio di Misure\Prove d'Esame Svolte da Me\Prova_13_01_22_LED_LAMPEGGIANTI\Debug\Obj: [1]
    main.o                220       10       10
    -------------------------------------------
    Total:                220       10       10

dl7M_tln.a: [2]
    exit.o                  4
    low_level_init.o        4
    -------------------------------------------
    Total:                  8

m7M_tls.a: [3]
    fpinit_M.o             34
    -------------------------------------------
    Total:                 34

rt7M_tl.a: [4]
    cexit.o                10
    cmain.o                30
    copy_init3.o           42
    cstartup_M.o           28
    data_init.o            40
    vector_table_M.o       64
    vectortrap_M.o          2
    -------------------------------------------
    Total:                216

shb_l.a: [5]
    exit.o                 20
    -------------------------------------------
    Total:                 20

    Gaps                    4        2
    Linker created                  22    8'192
-----------------------------------------------
    Grand Total:          502       34    8'202


*******************************************************************************
*** ENTRY LIST
***

Entry                       Address  Size  Type      Object
-----                       -------  ----  ----      ------
.iar.init_table$$Base    0x800'0194         --   Gb  - Linker created -
.iar.init_table$$Limit   0x800'01a8         --   Gb  - Linker created -
?main                    0x800'01a9        Code  Gb  cmain.o [4]
BusFault_Handler         0x800'0147        Code  Wk  vectortrap_M.o [4]
CSTACK$$Base            0x2000'0010         --   Gb  - Linker created -
CSTACK$$Limit           0x2000'2010         --   Gb  - Linker created -
DebugMon_Handler         0x800'0147        Code  Wk  vectortrap_M.o [4]
HardFault_Handler        0x800'0147        Code  Wk  vectortrap_M.o [4]
MemManage_Handler        0x800'0147        Code  Wk  vectortrap_M.o [4]
NMI_Handler              0x800'0147        Code  Wk  vectortrap_M.o [4]
PendSV_Handler           0x800'0147        Code  Wk  vectortrap_M.o [4]
Region$$Table$$Base      0x800'0194         --   Gb  - Linker created -
Region$$Table$$Limit     0x800'01a8         --   Gb  - Linker created -
SVC_Handler              0x800'0147        Code  Wk  vectortrap_M.o [4]
SysTick_Handler          0x800'0147        Code  Wk  vectortrap_M.o [4]
UsageFault_Handler       0x800'0147        Code  Wk  vectortrap_M.o [4]
__cmain                  0x800'01a9        Code  Gb  cmain.o [4]
__exit                   0x800'01dd  0x14  Code  Gb  exit.o [5]
__iar_copy_init3         0x800'011d  0x2a  Code  Gb  copy_init3.o [4]
__iar_data_init3         0x800'0149  0x28  Code  Gb  data_init.o [4]
__iar_init_vfp           0x800'0171        Code  Gb  fpinit_M.o [3]
__iar_program_start      0x800'01f1        Code  Gb  cstartup_M.o [4]
__low_level_init         0x800'01c7   0x4  Code  Gb  low_level_init.o [2]
__vector_table           0x800'0000        Data  Gb  vector_table_M.o [4]
_call_main               0x800'01b5        Code  Gb  cmain.o [4]
_exit                    0x800'01d1        Code  Gb  cexit.o [4]
exit                     0x800'01cb   0x4  Code  Gb  exit.o [2]
flag                    0x2000'0008   0x2  Data  Gb  main.o [1]
main                     0x800'0041  0xdc  Code  Gb  main.o [1]
matricola               0x2000'0000   0x4  Data  Gb  main.o [1]
var                     0x2000'0004   0x4  Data  Gb  main.o [1]


[1] = C:\Users\nokia\Documents\Università\A.A. 2021-2022\Primo Semestre\Laboratorio di Misure\Prove d'Esame Svolte da Me\Prova_13_01_22_LED_LAMPEGGIANTI\Debug\Obj
[2] = dl7M_tln.a
[3] = m7M_tls.a
[4] = rt7M_tl.a
[5] = shb_l.a

    502 bytes of readonly  code memory
     34 bytes of readonly  data memory
  8'202 bytes of readwrite data memory

Errors: none
Warnings: none
