###############################################################################
#
# IAR ELF Linker V9.10.2.313/W64 for ARM                  16/Mar/2022  17:35:51
# Copyright 2007-2021 IAR Systems AB.
#
#    Output file  =
#        C:\Users\nokia\Documents\Università\A.A. 2021-2022\Primo
#        Semestre\Laboratorio di Misure\Prove d'Esame Svolte da
#        Me\Prova_05_05_21 DAC\Debug\Exe\prova_05_05_21.out
#    Map file     =
#        C:\Users\nokia\Documents\Università\A.A. 2021-2022\Primo
#        Semestre\Laboratorio di Misure\Prove d'Esame Svolte da
#        Me\Prova_05_05_21 DAC\Debug\List\prova_05_05_21.map
#    Command line =
#        -f "C:\Users\nokia\Documents\Università\A.A. 2021-2022\Primo
#        Semestre\Laboratorio di Misure\Prove d'Esame Svolte da
#        Me\Prova_05_05_21 DAC\Debug\Exe\prova_05_05_21.out.rsp"
#        ("C:\Users\nokia\Documents\Università\A.A. 2021-2022\Primo
#        Semestre\Laboratorio di Misure\Prove d'Esame Svolte da
#        Me\Prova_05_05_21 DAC\Debug\Obj\prova_05_05_21.o" --no_out_extension
#        -o "C:\Users\nokia\Documents\Università\A.A. 2021-2022\Primo
#        Semestre\Laboratorio di Misure\Prove d'Esame Svolte da
#        Me\Prova_05_05_21 DAC\Debug\Exe\prova_05_05_21.out" --map
#        "C:\Users\nokia\Documents\Università\A.A. 2021-2022\Primo
#        Semestre\Laboratorio di Misure\Prove d'Esame Svolte da
#        Me\Prova_05_05_21 DAC\Debug\List\prova_05_05_21.map" --config
#        "C:\Program Files\IAR Systems\Embedded Workbench
#        9.0\arm\config\linker\ST\stm32f303xC.icf" --semihosting --entry
#        __iar_program_start --vfe --text_out locale)
#
###############################################################################

*******************************************************************************
*** RUNTIME MODEL ATTRIBUTES
***

CppFlavor       = *
__SystemLibrary = DLib
__dlib_version  = 6


*******************************************************************************
*** HEAP SELECTION
***

The basic heap was selected because some modules are built with
size limitations (and not runtime checking), and --advanced_heap
was not specified.


*******************************************************************************
*** PLACEMENT SUMMARY
***

"A0":  place at address 0x800'0000 { ro section .intvec };
"P1":  place in [from 0x800'0000 to 0x803'ffff] { ro };
define block CSTACK with size = 8K, alignment = 8 { };
define block HEAP with size = 8K, alignment = 8 { };
"P2":  place in [from 0x2000'0000 to 0x2000'9fff] {
          rw, block CSTACK, block HEAP };
initialize by copy { rw };

No sections matched the following patterns:

  section .ccmram  in "P3"


  Section            Kind         Address    Size  Object
  -------            ----         -------    ----  ------
"A0":                                        0x40
  .intvec            ro code   0x800'0000    0x40  vector_table_M.o [4]
                             - 0x800'0040    0x40

"P1":                                       0x640
  .text              ro code   0x800'0040   0x246  DblDiv.o [3]
  .text              ro code   0x800'0286    0x2a  copy_init3.o [4]
  .text              ro code   0x800'02b0   0x1aa  DblMul.o [3]
  .text              ro code   0x800'045a     0x2  vectortrap_M.o [4]
  .text              ro code   0x800'045c    0xe4  prova_05_05_21.o [1]
  .text              ro code   0x800'0540    0x48  FltToDbl.o [3]
  .text              ro code   0x800'0588    0x22  DblToU32.o [3]
  .text              ro code   0x800'05ac    0x28  data_init.o [4]
  .text              ro code   0x800'05d4    0x22  fpinit_M.o [3]
  .iar.init_table    const     0x800'05f8    0x14  - Linker created -
  .text              ro code   0x800'060c    0x1e  cmain.o [4]
  .text              ro code   0x800'062a     0x4  low_level_init.o [2]
  .text              ro code   0x800'062e     0x4  exit.o [2]
  .text              ro code   0x800'0634     0xa  cexit.o [4]
  .text              ro code   0x800'0640    0x14  exit.o [5]
  .text              ro code   0x800'0654    0x1c  cstartup_M.o [4]
  Initializer bytes  const     0x800'0670    0x10  <for P2-1>
  .rodata            const     0x800'0680     0x0  copy_init3.o [4]
                             - 0x800'0680   0x640

"P2", part 1 of 2:                           0x10
  P2-1                        0x2000'0000    0x10  <Init block>
    .data            inited   0x2000'0000     0x4  prova_05_05_21.o [1]
    .bss             inited   0x2000'0004     0x4  prova_05_05_21.o [1]
    .bss             inited   0x2000'0008     0x4  prova_05_05_21.o [1]
    .bss             inited   0x2000'000c     0x4  prova_05_05_21.o [1]
                            - 0x2000'0010    0x10

"P2", part 2 of 2:                         0x2000
  CSTACK                      0x2000'0010  0x2000  <Block>
    CSTACK           uninit   0x2000'0010  0x2000  <Block tail>
                            - 0x2000'2010  0x2000

Unused ranges:

         From           To      Size
         ----           --      ----
   0x800'0680   0x803'ffff  0x3'f980
  0x2000'2010  0x2000'9fff    0x7ff0


*******************************************************************************
*** INIT TABLE
***

          Address      Size
          -------      ----
Copy (__iar_copy_init3)
    1 source range, total size 0x10:
           0x800'0670  0x10
    1 destination range, total size 0x10:
          0x2000'0000  0x10



*******************************************************************************
*** MODULE SUMMARY
***

    Module            ro code  ro data  rw data
    ------            -------  -------  -------
command line/config:
    -------------------------------------------
    Total:

C:\Users\nokia\Documents\Università\A.A. 2021-2022\Primo Semestre\Laboratorio di Misure\Prove d'Esame Svolte da Me\Prova_05_05_21 DAC\Debug\Obj: [1]
    prova_05_05_21.o      228       16       16
    -------------------------------------------
    Total:                228       16       16

dl7M_tln.a: [2]
    exit.o                  4
    low_level_init.o        4
    -------------------------------------------
    Total:                  8

m7M_tls.a: [3]
    DblDiv.o              582
    DblMul.o              426
    DblToU32.o             34
    FltToDbl.o             72
    fpinit_M.o             34
    -------------------------------------------
    Total:              1'148

rt7M_tl.a: [4]
    cexit.o                10
    cmain.o                30
    copy_init3.o           42
    cstartup_M.o           28
    data_init.o            40
    vector_table_M.o       64
    vectortrap_M.o          2
    -------------------------------------------
    Total:                216

shb_l.a: [5]
    exit.o                 20
    -------------------------------------------
    Total:                 20

    Gaps                    6        2
    Linker created                  20    8'192
-----------------------------------------------
    Grand Total:        1'626       38    8'208


*******************************************************************************
*** ENTRY LIST
***

Entry                       Address  Size  Type      Object
-----                       -------  ----  ----      ------
.iar.init_table$$Base    0x800'05f8         --   Gb  - Linker created -
.iar.init_table$$Limit   0x800'060c         --   Gb  - Linker created -
?main                    0x800'060d        Code  Gb  cmain.o [4]
BusFault_Handler         0x800'045b        Code  Wk  vectortrap_M.o [4]
CSTACK$$Base            0x2000'0010         --   Gb  - Linker created -
CSTACK$$Limit           0x2000'2010         --   Gb  - Linker created -
DebugMon_Handler         0x800'045b        Code  Wk  vectortrap_M.o [4]
HardFault_Handler        0x800'045b        Code  Wk  vectortrap_M.o [4]
MemManage_Handler        0x800'045b        Code  Wk  vectortrap_M.o [4]
NMI_Handler              0x800'045b        Code  Wk  vectortrap_M.o [4]
PendSV_Handler           0x800'045b        Code  Wk  vectortrap_M.o [4]
Region$$Table$$Base      0x800'05f8         --   Gb  - Linker created -
Region$$Table$$Limit     0x800'060c         --   Gb  - Linker created -
SVC_Handler              0x800'045b        Code  Wk  vectortrap_M.o [4]
SysTick_Handler          0x800'045b        Code  Wk  vectortrap_M.o [4]
UsageFault_Handler       0x800'045b        Code  Wk  vectortrap_M.o [4]
__aeabi_d2uiz            0x800'0589        Code  Gb  DblToU32.o [3]
__aeabi_ddiv             0x800'0041        Code  Gb  DblDiv.o [3]
__aeabi_dmul             0x800'02b1        Code  Gb  DblMul.o [3]
__aeabi_f2d              0x800'0541        Code  Gb  FltToDbl.o [3]
__cmain                  0x800'060d        Code  Gb  cmain.o [4]
__exit                   0x800'0641  0x14  Code  Gb  exit.o [5]
__iar_copy_init3         0x800'0287  0x2a  Code  Gb  copy_init3.o [4]
__iar_data_init3         0x800'05ad  0x28  Code  Gb  data_init.o [4]
__iar_init_vfp           0x800'05d5        Code  Gb  fpinit_M.o [3]
__iar_program_start      0x800'0655        Code  Gb  cstartup_M.o [4]
__low_level_init         0x800'062b   0x4  Code  Gb  low_level_init.o [2]
__vector_table           0x800'0000        Data  Gb  vector_table_M.o [4]
_call_main               0x800'0619        Code  Gb  cmain.o [4]
_exit                    0x800'0635        Code  Gb  cexit.o [4]
codice                  0x2000'0004   0x4  Data  Gb  prova_05_05_21.o [1]
exit                     0x800'062f   0x4  Code  Gb  exit.o [2]
main                     0x800'045d  0xe4  Code  Gb  prova_05_05_21.o [1]
matricola               0x2000'0000   0x4  Data  Gb  prova_05_05_21.o [1]
tensione                0x2000'0008   0x4  Data  Gb  prova_05_05_21.o [1]
var                     0x2000'000c   0x4  Data  Gb  prova_05_05_21.o [1]


[1] = C:\Users\nokia\Documents\Università\A.A. 2021-2022\Primo Semestre\Laboratorio di Misure\Prove d'Esame Svolte da Me\Prova_05_05_21 DAC\Debug\Obj
[2] = dl7M_tln.a
[3] = m7M_tls.a
[4] = rt7M_tl.a
[5] = shb_l.a

  1'626 bytes of readonly  code memory
     38 bytes of readonly  data memory
  8'208 bytes of readwrite data memory

Errors: none
Warnings: none
