###############################################################################
#
# IAR ELF Linker V9.10.2.313/W64 for ARM                  16/Mar/2022  11:30:11
# Copyright 2007-2021 IAR Systems AB.
#
#    Output file  =
#        C:\Users\nokia\Documents\Università\A.A. 2021-2022\Primo
#        Semestre\Laboratorio di Misure\Prove d'Esame Svolte da
#        Me\Prova_29_12_20 ADC\Debug\Exe\Prova_29_12_20.out
#    Map file     =
#        C:\Users\nokia\Documents\Università\A.A. 2021-2022\Primo
#        Semestre\Laboratorio di Misure\Prove d'Esame Svolte da
#        Me\Prova_29_12_20 ADC\Debug\List\Prova_29_12_20.map
#    Command line =
#        -f "C:\Users\nokia\Documents\Università\A.A. 2021-2022\Primo
#        Semestre\Laboratorio di Misure\Prove d'Esame Svolte da
#        Me\Prova_29_12_20 ADC\Debug\Exe\Prova_29_12_20.out.rsp"
#        ("C:\Users\nokia\Documents\Università\A.A. 2021-2022\Primo
#        Semestre\Laboratorio di Misure\Prove d'Esame Svolte da
#        Me\Prova_29_12_20 ADC\Debug\Obj\main.o" --no_out_extension -o
#        "C:\Users\nokia\Documents\Università\A.A. 2021-2022\Primo
#        Semestre\Laboratorio di Misure\Prove d'Esame Svolte da
#        Me\Prova_29_12_20 ADC\Debug\Exe\Prova_29_12_20.out" --map
#        "C:\Users\nokia\Documents\Università\A.A. 2021-2022\Primo
#        Semestre\Laboratorio di Misure\Prove d'Esame Svolte da
#        Me\Prova_29_12_20 ADC\Debug\List\Prova_29_12_20.map" --config
#        "C:\Program Files\IAR Systems\Embedded Workbench
#        9.0\arm\config\linker\ST\stm32f303xC.icf" --semihosting --entry
#        __iar_program_start --vfe --text_out locale)
#
###############################################################################

*******************************************************************************
*** RUNTIME MODEL ATTRIBUTES
***

CppFlavor       = *
__Heap_Handler  = Basic
__SystemLibrary = DLib
__dlib_version  = 6


*******************************************************************************
*** HEAP SELECTION
***

The basic heap was selected because some modules are built with
size limitations (and not runtime checking), and --advanced_heap
was not specified.


*******************************************************************************
*** PLACEMENT SUMMARY
***

"A0":  place at address 0x800'0000 { ro section .intvec };
"P1":  place in [from 0x800'0000 to 0x803'ffff] { ro };
define block CSTACK with size = 8K, alignment = 8 { };
define block HEAP with size = 8K, alignment = 8 { };
"P2":  place in [from 0x2000'0000 to 0x2000'9fff] {
          rw, block CSTACK, block HEAP };
initialize by copy { rw };

No sections matched the following patterns:

  section .ccmram  in "P3"


  Section            Kind         Address    Size  Object
  -------            ----         -------    ----  ------
"A0":                                        0x40
  .intvec            ro code   0x800'0000    0x40  vector_table_M.o [4]
                             - 0x800'0040    0x40

"P1":                                      0x2496
  .text              ro code   0x800'0040   0xd62  xprintflarge_nomb.o [2]
  .rodata            const     0x800'0da2     0x2  xlocale_c.o [2]
  .text              ro code   0x800'0da4    0x16  strchr.o [4]
  .text              ro code   0x800'0dba     0x2  vectortrap_M.o [4]
  .text              ro code   0x800'0dbc    0x40  xfail_s.o [2]
  .text              ro code   0x800'0dfc    0x36  strlen.o [4]
  .rodata            const     0x800'0e32     0x1  xlocale_c.o [2]
  .text              ro code   0x800'0e34    0x58  memchr.o [4]
  .text              ro code   0x800'0e8c    0x76  ABImemcpy_unaligned.o [4]
  .text              ro code   0x800'0f04    0x70  frexp.o [3]
  .text              ro code   0x800'0f74   0x246  DblDiv.o [3]
  .text              ro code   0x800'11bc    0x22  DblToU32.o [3]
  .text              ro code   0x800'11e0    0x1c  U32ToDbl.o [3]
  .text              ro code   0x800'11fc   0x25e  DblAddSub.o [3]
  .text              ro code   0x800'145c   0x1aa  DblMul.o [3]
  .text              ro code   0x800'1608     0x8  xlocale_c.o [2]
  .text              ro code   0x800'1610   0x230  I64DivMod.o [4]
  .text              ro code   0x800'1840     0x6  abort.o [2]
  .text              ro code   0x800'1848     0x2  I64DivZer.o [4]
  .text              ro code   0x800'184c    0x14  exit.o [5]
  .text              ro code   0x800'1860    0x7c  iarttio.o [5]
  .text              ro code   0x800'18dc     0x8  XShttio.o [2]
  .text              ro code   0x800'18e4   0x1b8  main.o [1]
  .text              ro code   0x800'1a9c    0x68  DblToFlt.o [3]
  .text              ro code   0x800'1b04    0x48  FltToDbl.o [3]
  .text              ro code   0x800'1b4c    0x28  printf.o [2]
  .text              ro code   0x800'1b74   0x13c  heap0.o [2]
  .text              ro code   0x800'1cb0    0x2c  xgetmemchunk.o [2]
  .text              ro code   0x800'1cdc    0xd8  xfspos.o [2]
  .text              ro code   0x800'1db4    0xac  fflush.o [2]
  .text              ro code   0x800'1e60     0xc  xfgpos.o [2]
  .text              ro code   0x800'1e6c    0x4e  lseek.o [5]
  .text              ro code   0x800'1eba    0x10  write.o [5]
  .text              ro code   0x800'1ecc    0xcc  XShHandles.o [2]
  .text              ro code   0x800'1f98    0x1e  dwrite.o [5]
  .text              ro code   0x800'1fb6    0x20  iarwstd.o [5]
  .text              ro code   0x800'1fd6    0x22  iarwrite.o [5]
  .text              ro code   0x800'1ff8    0xb4  xfwprep.o [2]
  .text              ro code   0x800'20ac    0x24  fseek.o [2]
  .text              ro code   0x800'20d0    0x9c  xfofind.o [2]
  .text              ro code   0x800'216c     0x4  heaptramp0.o [2]
  .text              ro code   0x800'2170    0x7e  fclose.o [2]
  .text              ro code   0x800'21ee    0x18  close.o [5]
  .text              ro code   0x800'2206    0x14  remove.o [5]
  .text              ro code   0x800'221a    0x78  lz77_init_single.o [4]
  .text              ro code   0x800'2292    0x54  fputc.o [2]
  .text              ro code   0x800'22e8    0x40  xcloseall.o [2]
  .text              ro code   0x800'2328    0x38  zero_init3.o [4]
  .rodata            const     0x800'2360    0x28  main.o [1]
  .text              ro code   0x800'2388    0x28  data_init.o [4]
  .text              ro code   0x800'23b0    0x22  fpinit_M.o [3]
  .iar.init_table    const     0x800'23d4    0x20  - Linker created -
  .text              ro code   0x800'23f4    0x1e  cmain.o [4]
  .text              ro code   0x800'2412     0x4  low_level_init.o [2]
  .text              ro code   0x800'2416     0x4  exit.o [2]
  .text              ro code   0x800'241c     0xe  cexit.o [4]
  .text              ro code   0x800'242c    0x1c  cstartup_M.o [4]
  .text              ro code   0x800'2448    0x16  xprout.o [2]
  .text              ro code   0x800'2460     0xc  putchar.o [2]
  .text              ro code   0x800'246c     0x0  cstart_closeall.o [4]
  .rodata            const     0x800'246c     0x0  zero_init3.o [4]
  .rodata            const     0x800'246c     0x0  lz77_init_single.o [4]
  Initializer bytes  const     0x800'246c    0x6a  <for P2-1>
                             - 0x800'24d6  0x2496

"P2", part 1 of 3:                          0x138
  P2-1                        0x2000'0000   0x138  <Init block>
    .data            inited   0x2000'0000    0x48  xfiles.o [2]
    .data            inited   0x2000'0048    0x48  xfiles.o [2]
    .data            inited   0x2000'0090    0x48  xfiles.o [2]
    .data            inited   0x2000'00d8    0x20  xfiles.o [2]
    .data            inited   0x2000'00f8     0x8  XShttio.o [2]
    .data            inited   0x2000'0100    0x38  xlocale_c.o [2]
                            - 0x2000'0138   0x138

"P2", part 2 of 3:                          0x140
  .bss               zero     0x2000'0138    0x80  XShHandles.o [2]
  .bss               zero     0x2000'01b8    0x50  xfiles.o [2]
  .bss               zero     0x2000'0208    0x50  xfiles.o [2]
  .bss               zero     0x2000'0258     0x8  main.o [1]
  .bss               zero     0x2000'0260     0x8  heap0.o [2]
  .bss               zero     0x2000'0268     0x4  main.o [1]
  .bss               zero     0x2000'026c     0x4  main.o [1]
  .bss               zero     0x2000'0270     0x4  xgetmemchunk.o [2]
  .bss               zero     0x2000'0274     0x4  xfail_s.o [2]
                            - 0x2000'0278   0x140

"P2", part 3 of 3:                         0x4000
  CSTACK                      0x2000'0278  0x2000  <Block>
    CSTACK           uninit   0x2000'0278  0x2000  <Block tail>
  HEAP                        0x2000'2278  0x2000  <Block>
    HEAP             uninit   0x2000'2278  0x2000  <Block tail>
                            - 0x2000'4278  0x4000

Unused ranges:

         From           To      Size
         ----           --      ----
   0x800'24d6   0x803'ffff  0x3'db2a
  0x2000'4278  0x2000'9fff    0x5d88


*******************************************************************************
*** INIT TABLE
***

          Address      Size
          -------      ----
Zero (__iar_zero_init3)
    1 destination range, total size 0x140:
          0x2000'0138  0x140

Copy/lz77 (__iar_lz77_init_single3)
    1 source range, total size 0x6a (33% of destination):
           0x800'246c   0x6a
    1 destination range, total size 0x138:
          0x2000'0000  0x138



*******************************************************************************
*** MODULE SUMMARY
***

    Module                 ro code  ro data  rw data
    ------                 -------  -------  -------
command line/config:
    ------------------------------------------------
    Total:

C:\Users\nokia\Documents\Università\A.A. 2021-2022\Primo Semestre\Laboratorio di Misure\Prove d'Esame Svolte da Me\Prova_29_12_20 ADC\Debug\Obj: [1]
    main.o                     440       40       16
    ------------------------------------------------
    Total:                     440       40       16

dl7M_tlf.a: [2]
    XShHandles.o               204               128
    XShttio.o                    8        2        8
    abort.o                      6
    exit.o                       4
    fclose.o                   126
    fflush.o                   172
    fputc.o                     84
    fseek.o                     36
    heap0.o                    316                 8
    heaptramp0.o                 4
    low_level_init.o             4
    printf.o                    40
    putchar.o                   12
    xcloseall.o                 64
    xfail_s.o                   64                 4
    xfgpos.o                    12
    xfiles.o                             84      408
    xfofind.o                  156
    xfspos.o                   216
    xfwprep.o                  180
    xgetmemchunk.o              44                 4
    xlocale_c.o                  8       23       56
    xprintflarge_nomb.o      3'426
    xprout.o                    22
    ------------------------------------------------
    Total:                   5'208      109      616

m7M_tls.a: [3]
    DblAddSub.o                606
    DblDiv.o                   582
    DblMul.o                   426
    DblToFlt.o                 104
    DblToU32.o                  34
    FltToDbl.o                  72
    U32ToDbl.o                  28
    fpinit_M.o                  34
    frexp.o                    112
    ------------------------------------------------
    Total:                   1'998

rt7M_tl.a: [4]
    ABImemcpy_unaligned.o      118
    I64DivMod.o                560
    I64DivZer.o                  2
    cexit.o                     14
    cmain.o                     30
    cstart_closeall.o
    cstartup_M.o                28
    data_init.o                 40
    lz77_init_single.o         120
    memchr.o                    88
    strchr.o                    22
    strlen.o                    54
    vector_table_M.o            64
    vectortrap_M.o               2
    zero_init3.o                56
    ------------------------------------------------
    Total:                   1'198

shb_l.a: [5]
    close.o                     24
    dwrite.o                    30
    exit.o                      20
    iarttio.o                  124
    iarwrite.o                  34
    iarwstd.o                   32
    lseek.o                     78
    remove.o                    20
    write.o                     16
    ------------------------------------------------
    Total:                     378

    Gaps                        25        2
    Linker created                       32   16'384
----------------------------------------------------
    Grand Total:             9'247      183   17'016


*******************************************************************************
*** ENTRY LIST
***

Entry                       Address   Size  Type      Object
-----                       -------   ----  ----      ------
.iar.init_table$$Base    0x800'23d4          --   Gb  - Linker created -
.iar.init_table$$Limit   0x800'23f4          --   Gb  - Linker created -
?main                    0x800'23f5         Code  Gb  cmain.o [4]
ADCsetup                 0x800'19b1   0x9e  Code  Gb  main.o [1]
Aldata                  0x2000'0260    0x8  Data  Lc  heap0.o [2]
BusFault_Handler         0x800'0dbb         Code  Wk  vectortrap_M.o [4]
CSTACK$$Base            0x2000'0278          --   Gb  - Linker created -
CSTACK$$Limit           0x2000'2278          --   Gb  - Linker created -
DebugMon_Handler         0x800'0dbb         Code  Wk  vectortrap_M.o [4]
HEAP$$Base              0x2000'2278          --   Gb  - Linker created -
HEAP$$Limit             0x2000'4278          --   Gb  - Linker created -
HardFault_Handler        0x800'0dbb         Code  Wk  vectortrap_M.o [4]
MemManage_Handler        0x800'0dbb         Code  Wk  vectortrap_M.o [4]
NMI_Handler              0x800'0dbb         Code  Wk  vectortrap_M.o [4]
PendSV_Handler           0x800'0dbb         Code  Wk  vectortrap_M.o [4]
Region$$Table$$Base      0x800'23d4          --   Gb  - Linker created -
Region$$Table$$Limit     0x800'23f4          --   Gb  - Linker created -
SVC_Handler              0x800'0dbb         Code  Wk  vectortrap_M.o [4]
SysTick_Handler          0x800'0dbb         Code  Wk  vectortrap_M.o [4]
UsageFault_Handler       0x800'0dbb         Code  Wk  vectortrap_M.o [4]
_Close_all               0x800'22e9   0x40  Code  Gb  xcloseall.o [2]
_Files                  0x2000'00d8   0x20  Data  Gb  xfiles.o [2]
_Fofree                  0x800'20d1   0x96  Code  Gb  xfofind.o [2]
_Fspos                   0x800'1cdd   0xd8  Code  Gb  xfspos.o [2]
_Fwprep                  0x800'1ff9   0xb4  Code  Gb  xfwprep.o [2]
_LitobLargeNoMb          0x800'0b83  0x10c  Code  Lc  xprintflarge_nomb.o [2]
_Locale_lconv           0x2000'0100   0x38  Data  Lc  xlocale_c.o [2]
_Nnl                     0x800'1e61    0xc  Code  Gb  xfgpos.o [2]
_PrintfLargeNoMb         0x800'0041  0xb3c  Code  Gb  xprintflarge_nomb.o [2]
_Prout                   0x800'2449   0x16  Code  Gb  xprout.o [2]
_PutcharLargeNoMb        0x800'0ce9   0x20  Code  Lc  xprintflarge_nomb.o [2]
_PutcharsLargeNoMb       0x800'0d09   0x2e  Code  Lc  xprintflarge_nomb.o [2]
__aeabi_d2f              0x800'1a9d         Code  Gb  DblToFlt.o [3]
__aeabi_d2uiz            0x800'11bd         Code  Gb  DblToU32.o [3]
__aeabi_dadd             0x800'11fd         Code  Gb  DblAddSub.o [3]
__aeabi_ddiv             0x800'0f75         Code  Gb  DblDiv.o [3]
__aeabi_dmul             0x800'145d         Code  Gb  DblMul.o [3]
__aeabi_dsub             0x800'1379         Code  Gb  DblAddSub.o [3]
__aeabi_f2d              0x800'1b05         Code  Gb  FltToDbl.o [3]
__aeabi_ldiv0            0x800'1849         Code  Gb  I64DivZer.o [4]
__aeabi_ui2d             0x800'11e1         Code  Gb  U32ToDbl.o [3]
__aeabi_uldivmod         0x800'1611         Code  Gb  I64DivMod.o [4]
__basic_free             0x800'1c21   0x16  Code  Gb  heap0.o [2]
__basic_free_intern      0x800'1c37   0x74  Code  Lc  heap0.o [2]
__basic_malloc           0x800'1b75   0x18  Code  Gb  heap0.o [2]
__basic_malloc_intern    0x800'1b8d   0x94  Code  Lc  heap0.o [2]
__cexit_closeall         0x800'241f         Code  Gb  cexit.o [4]
__close                  0x800'21ef   0x18  Code  Gb  close.o [5]
__cmain                  0x800'23f5         Code  Gb  cmain.o [4]
__cstart_closeall        0x800'246c         Data  Gb  cstart_closeall.o [4]
__data_GetMemChunk       0x800'1cb1   0x2c  Code  Gb  xgetmemchunk.o [2]
__data_GetMemChunk::start
                        0x2000'0270    0x4  Data  Lc  xgetmemchunk.o [2]
__dwrite                 0x800'1f99   0x1e  Code  Gb  dwrite.o [5]
__exit                   0x800'184d   0x14  Code  Gb  exit.o [5]
__iar_Fail_s             0x800'0dbd   0x1c  Code  Gb  xfail_s.o [2]
__iar_Memchr             0x800'0e35         Code  Gb  memchr.o [4]
__iar_Stderr            0x2000'0090   0x48  Data  Gb  xfiles.o [2]
__iar_Stdin             0x2000'0000   0x48  Data  Gb  xfiles.o [2]
__iar_Stdout            0x2000'0048   0x48  Data  Gb  xfiles.o [2]
__iar_Strchr             0x800'0da5         Code  Gb  strchr.o [4]
__iar_close_ttio         0x800'1861   0x2c  Code  Gb  iarttio.o [5]
__iar_data_init3         0x800'2389   0x28  Code  Gb  data_init.o [4]
__iar_frexp              0x800'0f11         Code  Gb  frexp.o [3]
__iar_frexpl             0x800'0f11         Code  Gb  frexp.o [3]
__iar_get_ttio           0x800'188d   0x4c  Code  Gb  iarttio.o [5]
__iar_init_vfp           0x800'23b1         Code  Gb  fpinit_M.o [3]
__iar_lookup_ttioh       0x800'18dd    0x8  Code  Gb  XShttio.o [2]
__iar_lz77_init_single3
                         0x800'221b   0x78  Code  Gb  lz77_init_single.o [4]
__iar_program_start      0x800'242d         Code  Gb  cstartup_M.o [4]
__iar_sh_Discard         0x800'1ecd   0x42  Code  Gb  XShHandles.o [2]
__iar_sh_Move            0x800'1f0f   0x46  Code  Gb  XShHandles.o [2]
__iar_sh_Pos             0x800'1f55   0x40  Code  Gb  XShHandles.o [2]
__iar_sh_stdout          0x800'1fb7   0x20  Code  Gb  iarwstd.o [5]
__iar_sh_write           0x800'1fd7   0x22  Code  Gb  iarwrite.o [5]
__iar_softfp___iar_frexp64
                         0x800'0f05         Code  Gb  frexp.o [3]
__iar_softfp_frexp       0x800'0f05         Code  Gb  frexp.o [3]
__iar_softfp_frexpl      0x800'0f05         Code  Gb  frexp.o [3]
__iar_ttio_handles      0x2000'00f8    0x8  Data  Lc  XShttio.o [2]
__iar_unaligned_memcpy   0x800'0e8d         Code  Gb  ABImemcpy_unaligned.o [4]
__iar_unaligned_memcpy4
                         0x800'0ead         Code  Gb  ABImemcpy_unaligned.o [4]
__iar_unaligned_memcpy8
                         0x800'0ead         Code  Gb  ABImemcpy_unaligned.o [4]
__iar_zero_init3         0x800'2329   0x38  Code  Gb  zero_init3.o [4]
__low_level_init         0x800'2413    0x4  Code  Gb  low_level_init.o [2]
__lseek                  0x800'1e6d   0x4e  Code  Gb  lseek.o [5]
__vector_table           0x800'0000         Data  Gb  vector_table_M.o [4]
__write                  0x800'1ebb   0x10  Code  Gb  write.o [5]
_call_main               0x800'2401         Code  Gb  cmain.o [4]
_exit                    0x800'241d         Code  Gb  cexit.o [4]
abort                    0x800'1841    0x6  Code  Gb  abort.o [2]
codice                  0x2000'0268    0x4  Data  Gb  main.o [1]
ebuf                    0x2000'01b8   0x50  Data  Lc  xfiles.o [2]
exit                     0x800'2417    0x4  Code  Gb  exit.o [2]
fclose                   0x800'2171   0x7e  Code  Gb  fclose.o [2]
fflush                   0x800'1e29   0x34  Code  Gb  fflush.o [2]
fflushOne                0x800'1db5   0x74  Code  Lc  fflush.o [2]
fputc                    0x800'2293   0x54  Code  Gb  fputc.o [2]
free                     0x800'216d    0x4  Code  Gb  heaptramp0.o [2]
fseek                    0x800'20ad   0x24  Code  Gb  fseek.o [2]
localeconv               0x800'1609    0x4  Code  Gb  xlocale_c.o [2]
main                     0x800'18e5   0xcc  Code  Gb  main.o [1]
memchr                   0x800'0e35         Code  Gb  memchr.o [4]
obuf                    0x2000'0208   0x50  Data  Lc  xfiles.o [2]
printf                   0x800'1b4d   0x28  Code  Gb  printf.o [2]
putchar                  0x800'2461    0xc  Code  Gb  putchar.o [2]
remove                   0x800'2207   0x14  Code  Gb  remove.o [5]
sFileInfo               0x2000'0138   0x80  Data  Lc  XShHandles.o [2]
scale                    0x800'0c8f   0x46  Code  Lc  xprintflarge_nomb.o [2]
sec_hand                0x2000'0274    0x4  Data  Lc  xfail_s.o [2]
strchr                   0x800'0da5         Code  Gb  strchr.o [4]
strlen                   0x800'0dfd         Code  Gb  strlen.o [4]
tempo                   0x2000'0258    0x8  Data  Gb  main.o [1]
tensione                0x2000'026c    0x4  Data  Gb  main.o [1]


[1] = C:\Users\nokia\Documents\Università\A.A. 2021-2022\Primo Semestre\Laboratorio di Misure\Prove d'Esame Svolte da Me\Prova_29_12_20 ADC\Debug\Obj
[2] = dl7M_tlf.a
[3] = m7M_tls.a
[4] = rt7M_tl.a
[5] = shb_l.a

   9'247 bytes of readonly  code memory
     183 bytes of readonly  data memory
  17'016 bytes of readwrite data memory

Errors: none
Warnings: none
